Hello Python!
Hello Python!
Hello Python!
Hello Python!
Hello Python!
Hello Python!
Hello Python!
Hello Python!
Hello Python!
Hello Python!
Hello Python!
Hello Python!
Hello Python!
